
=== depth 131072 (tp2) ===
  warmup 1 FAILED: <urlopen error [Errno 111] Connection refused>
  warmup 2 FAILED: <urlopen error [Errno 111] Connection refused>
  rep 1 FAILED: <urlopen error [Errno 111] Connection refused>
  rep 2 FAILED: <urlopen error [Errno 111] Connection refused>
  rep 3 FAILED: <urlopen error [Errno 111] Connection refused>
  rep 4 FAILED: <urlopen error [Errno 111] Connection refused>
  rep 5 FAILED: <urlopen error [Errno 111] Connection refused>
  rep 6 FAILED: <urlopen error [Errno 111] Connection refused>
  rep 7 FAILED: <urlopen error [Errno 111] Connection refused>
  rep 8 FAILED: <urlopen error [Errno 111] Connection refused>
  rep 9 FAILED: <urlopen error [Errno 111] Connection refused>
  rep 10 FAILED: <urlopen error [Errno 111] Connection refused>
  rep 11 FAILED: <urlopen error [Errno 111] Connection refused>
  rep 12 FAILED: <urlopen error [Errno 111] Connection refused>
  rep 13 FAILED: <urlopen error [Errno 111] Connection refused>
  rep 14 FAILED: <urlopen error [Errno 111] Connection refused>
  rep 15 FAILED: <urlopen error [Errno 111] Connection refused>
  NO VALID SAMPLES

=== SUMMARY tp2 ===
