
=== depth 131072 (tp3-b) ===
  warmup 1: 52.1 tok/s (ptok=129007, cached=0)
  warmup 2: 48.4 tok/s (ptok=129007, cached=0)
  rep 1: 50.3 tok/s ttft=79.1s ptok=129007
  rep 2: 52.8 tok/s ttft=79.0s ptok=129007
  rep 3: 51.0 tok/s ttft=76.9s ptok=129007
  rep 4: 53.8 tok/s ttft=77.8s ptok=129007
  rep 5: 54.8 tok/s ttft=76.9s ptok=129007
  rep 6: 47.9 tok/s ttft=78.6s ptok=129007
  rep 7: 51.0 tok/s ttft=77.5s ptok=129007
  rep 8: 53.1 tok/s ttft=76.8s ptok=129007
  rep 9: 48.2 tok/s ttft=83.1s ptok=129007
  rep 10: 41.8 tok/s ttft=83.3s ptok=129007
  rep 11: 48.7 tok/s ttft=82.4s ptok=129007
  rep 12: 49.4 tok/s ttft=85.9s ptok=129007
  rep 13: 53.7 tok/s ttft=81.6s ptok=129007
  rep 14: 53.9 tok/s ttft=83.1s ptok=129007
  rep 15: 57.9 tok/s ttft=80.3s ptok=129007
  MEDIAN 51.0 tok/s  (n=15, spread 31.6%, cache_hits=0)

=== SUMMARY tp3-b ===
   129007 tok ->   51.04 tok/s  (spread 31.6%, cache 0)
