
=== depth 2048 (speed-bt16384) ===
  warmup 1: 62.3 tok/s (ptok=2037, cached=0)
  warmup 2: 56.8 tok/s (ptok=2037, cached=0)
  rep 1: 53.5 tok/s ttft=1.1s ptok=2037
  rep 2: 52.9 tok/s ttft=1.1s ptok=2037
  rep 3: 60.7 tok/s ttft=1.0s ptok=2037
  rep 4: 51.8 tok/s ttft=1.1s ptok=2037
  rep 5: 50.6 tok/s ttft=1.0s ptok=2037
  rep 6: 46.8 tok/s ttft=1.1s ptok=2037
  rep 7: 62.1 tok/s ttft=1.0s ptok=2037
  MEDIAN 52.9 tok/s  (n=7, spread 29.0%, cache_hits=0)

=== depth 8192 (speed-bt16384) ===
  warmup 1: 53.3 tok/s (ptok=8083, cached=0)
  warmup 2: 54.9 tok/s (ptok=8083, cached=0)
  rep 1: 58.7 tok/s ttft=4.6s ptok=8083
  rep 2: 55.5 tok/s ttft=4.2s ptok=8083
  rep 3: 56.0 tok/s ttft=4.2s ptok=8083
  rep 4: 58.6 tok/s ttft=4.1s ptok=8083
  rep 5: 49.6 tok/s ttft=4.6s ptok=8083
  rep 6: 49.4 tok/s ttft=4.1s ptok=8083
  rep 7: 58.2 tok/s ttft=4.2s ptok=8083
  MEDIAN 56.0 tok/s  (n=7, spread 16.6%, cache_hits=0)

=== depth 32768 (speed-bt16384) ===
  warmup 1: 58.1 tok/s (ptok=32271, cached=0)
  warmup 2: 45.3 tok/s (ptok=32271, cached=0)
  rep 1: 54.9 tok/s ttft=17.6s ptok=32271
  rep 2: 51.1 tok/s ttft=18.5s ptok=32271
  rep 3: 54.9 tok/s ttft=17.1s ptok=32271
  rep 4: 57.1 tok/s ttft=18.6s ptok=32271
  rep 5: 58.0 tok/s ttft=18.5s ptok=32271
  rep 6: 51.4 tok/s ttft=17.0s ptok=32271
  rep 7: 54.7 tok/s ttft=19.3s ptok=32271
  MEDIAN 54.9 tok/s  (n=7, spread 12.6%, cache_hits=0)

=== depth 131072 (speed-bt16384) ===
  warmup 1: 51.9 tok/s (ptok=129007, cached=0)
  warmup 2: 55.7 tok/s (ptok=129007, cached=0)
  rep 1: 43.2 tok/s ttft=90.6s ptok=129007
  rep 2: 51.2 tok/s ttft=88.2s ptok=129007
  rep 3: 48.6 tok/s ttft=92.8s ptok=129007
  rep 4: 56.9 tok/s ttft=87.3s ptok=129007
  rep 5: 56.8 tok/s ttft=94.6s ptok=129007
  rep 6: 46.3 tok/s ttft=92.5s ptok=129007
  rep 7: 53.3 tok/s ttft=92.6s ptok=129007
  MEDIAN 51.2 tok/s  (n=7, spread 26.6%, cache_hits=0)

=== depth 262144 (speed-bt16384) ===
  warmup 1: 50.5 tok/s (ptok=257995, cached=0)
  warmup 2: 58.8 tok/s (ptok=257995, cached=0)
  rep 1: 42.8 tok/s ttft=228.6s ptok=257995
  rep 2: 53.7 tok/s ttft=230.5s ptok=257995
  rep 3: 51.8 tok/s ttft=230.3s ptok=257995
  rep 4: 52.4 tok/s ttft=230.2s ptok=257995
  rep 5: 51.4 tok/s ttft=226.7s ptok=257995
  rep 6: 37.2 tok/s ttft=210.5s ptok=257995
  rep 7: 50.8 tok/s ttft=203.4s ptok=257995
  MEDIAN 51.4 tok/s  (n=7, spread 32.2%, cache_hits=0)

=== SUMMARY speed-bt16384 ===
     2037 tok ->   52.90 tok/s  (spread 29.0%, cache 0)
     8083 tok ->   55.98 tok/s  (spread 16.6%, cache 0)
    32271 tok ->   54.91 tok/s  (spread 12.6%, cache 0)
   129007 tok ->   51.18 tok/s  (spread 26.6%, cache 0)
   257995 tok ->   51.39 tok/s  (spread 32.2%, cache 0)
