[2026-08-27T13:58:24-04:00] stop production for full fabric gate
== fabric gate: 3 nodes from 3spark-live.env ==
-- ssh liveness
  [32mPASS[0m  sparkmain -> node0
  [32mPASS[0m  spark1 -> node1
  [32mPASS[0m  spark2 -> node2
-- fabric mesh (all directed pairs) + latency
  [32mPASS[0m  sparkmain -> spark1 (192.168.100.2) rtt 0.854ms
  [32mPASS[0m  sparkmain -> spark2 (192.168.101.2) rtt 0.913ms
  [32mPASS[0m  spark1 -> sparkmain (192.168.200.1) rtt 1.047ms
  [32mPASS[0m  spark1 -> spark2 (192.168.101.2) rtt 1.008ms
  [32mPASS[0m  spark2 -> sparkmain (192.168.200.1) rtt 1.098ms
  [32mPASS[0m  spark2 -> spark1 (192.168.100.2) rtt 0.781ms
-- peer egress device (RDMA/model data must leave via the fabric)
  [32mPASS[0m  sparkmain: all peer FABRIC routes egress the fabric
  [32mPASS[0m  spark1: all peer FABRIC routes egress the fabric
  [32mPASS[0m  spark2: all peer FABRIC routes egress the fabric
-- fabric addressing (duplicate/overlapping subnets)
  [32mPASS[0m  sparkmain fabric addressing clean: enp1s0f0np0=192.168.100.1/30 enp1s0f1np1=192.168.101.1/30 enP2p1s0f0np0=192.168.110.1/30 enP2p1s0f1np1=192.168.111.1/30 
  [32mPASS[0m  spark1 fabric addressing clean: enp1s0f0np0=192.168.102.1/30 enp1s0f1np1=192.168.100.2/30 enP2p1s0f0np0=192.168.112.1/30 enP2p1s0f1np1=192.168.110.2/30 
  [32mPASS[0m  spark2 fabric addressing clean: enp1s0f0np0=192.168.101.2/30 enp1s0f1np1=192.168.102.2/30 enP2p1s0f0np0=192.168.111.2/30 enP2p1s0f1np1=192.168.112.2/30 
-- fabric arp (peer on correct port)
  [32mPASS[0m  sparkmain: every fabric peer on its cabled port
  [32mPASS[0m  spark1: every fabric peer on its cabled port
  [32mPASS[0m  spark2: every fabric peer on its cabled port
-- fabric config persistence (survives reboot?)
  [32mPASS[0m  sparkmain: fabric addressing persisted and netplan generates
  [32mPASS[0m  spark1: fabric addressing persisted and netplan generates
  [32mPASS[0m  spark2: fabric addressing persisted and netplan generates
-- engine rdma health (if running)
  [33mSKIP[0m  sparkmain: no engine running (nothing to check)
  [33mSKIP[0m  spark1: no engine running (nothing to check)
  [33mSKIP[0m  spark2: no engine running (nothing to check)
-- nccl collective bandwidth
  [32mPASS[0m  gate-p01 transport: via NET/IB/4 via NET/IB/5 (ndevs=1 ndevs=2)
  [32mPASS[0m  gate-p01 merged devices: rocep1s0f0 rocep1s0f0+rocep1s0f1 rocep1s0f1 roceP2p1s0f0 roceP2p1s0f0+roceP2p1s0f1 roceP2p1s0f1
  [32mPASS[0m  gate-p01: 9.26 GB/s @64MiB
  [32mPASS[0m  gate-p02 transport: via NET/IB/4 via NET/IB/5 (ndevs=1 ndevs=2)
  [32mPASS[0m  gate-p02 merged devices: rocep1s0f0 rocep1s0f0+rocep1s0f1 rocep1s0f1 roceP2p1s0f0 roceP2p1s0f0+roceP2p1s0f1 roceP2p1s0f1
  [32mPASS[0m  gate-p02: 9.19 GB/s @64MiB
  [32mPASS[0m  gate-p12 transport: via NET/IB/4 via NET/IB/5 (ndevs=1 ndevs=2)
  [32mPASS[0m  gate-p12 merged devices: rocep1s0f0 rocep1s0f0+rocep1s0f1 rocep1s0f1 roceP2p1s0f0 roceP2p1s0f0+roceP2p1s0f1 roceP2p1s0f1
  [32mPASS[0m  gate-p12: 9.41 GB/s @64MiB
  [32mPASS[0m  gate-all transport: via NET/IB/4 via NET/IB/5 (ndevs=1 ndevs=2)
  [32mPASS[0m  gate-all merged devices: rocep1s0f0 rocep1s0f0+rocep1s0f1 rocep1s0f1 roceP2p1s0f0 roceP2p1s0f0+roceP2p1s0f1 roceP2p1s0f1
  [32mPASS[0m  gate-all: 5.69 GB/s @64MiB

== 33 passed, 0 failed, 3 skipped ==
wrote results/20260827T175824Z-issue25-profile-a/fabric-gate-stopped.json
GATE PASSED (with skips). Bandwidth unverified -- see above.
[2026-08-27T14:00:09-04:00] start unchanged profile A
[2026-08-27T14:07:35-04:00] starvation probe
trial 0: decoder ttft=157.92s decode=47.00 tok/s max_gap=0.18s
trial 1: decoder ttft=149.99s decode=43.81 tok/s max_gap=0.09s
trial 2: decoder ttft=143.90s decode=45.90 tok/s max_gap=0.17s
trial 3: decoder ttft=151.69s decode=51.19 tok/s max_gap=0.10s
trial 4: decoder ttft=148.04s decode=50.85 tok/s max_gap=0.10s
{
  "label": "profile-a",
  "trials": 5,
  "median_decoder_ttft_s": 149.99404985795263,
  "median_decoder_decode_tok_s": 46.998557520780366,
  "median_decoder_max_event_gap_s": 0.10402343899477273,
  "max_decoder_event_gap_s": 0.1759496759623289
}
[2026-08-27T14:21:05-04:00] corrected depth sweep

=== depth 2048 (profile-a) ===
  warmup 1: 56.1 tok/s (ptok=2034, cached=0)
  warmup 2: 56.4 tok/s (ptok=2034, cached=0)
  rep 1: 57.1 tok/s ttft=1.3s ptok=2034
  rep 2: 54.0 tok/s ttft=1.5s ptok=2034
  rep 3: 54.1 tok/s ttft=0.9s ptok=2034
  rep 4: 55.6 tok/s ttft=0.9s ptok=2034
  rep 5: 49.6 tok/s ttft=0.9s ptok=2034
  rep 6: 48.8 tok/s ttft=0.9s ptok=2034
  rep 7: 56.1 tok/s ttft=0.9s ptok=2034
  MEDIAN 54.1 tok/s  (n=7, spread 15.4%, cache_hits=0)

=== depth 8192 (profile-a) ===
  warmup 1: 55.5 tok/s (ptok=8080, cached=0)
  warmup 2: 57.3 tok/s (ptok=8080, cached=0)
  rep 1: 59.5 tok/s ttft=3.4s ptok=8080
  rep 2: 59.6 tok/s ttft=4.2s ptok=8080
  rep 3: 49.3 tok/s ttft=3.5s ptok=8080
  rep 4: 54.4 tok/s ttft=3.5s ptok=8080
  rep 5: 59.2 tok/s ttft=3.5s ptok=8080
  rep 6: 57.5 tok/s ttft=4.1s ptok=8080
  rep 7: 52.0 tok/s ttft=3.5s ptok=8080
  MEDIAN 57.5 tok/s  (n=7, spread 18.0%, cache_hits=0)

=== depth 32768 (profile-a) ===
  warmup 1: 47.5 tok/s (ptok=32268, cached=0)
  warmup 2: 45.0 tok/s (ptok=32268, cached=0)
  rep 1: 55.0 tok/s ttft=14.6s ptok=32268
  rep 2: 56.5 tok/s ttft=15.6s ptok=32268
  rep 3: 56.7 tok/s ttft=14.5s ptok=32268
  rep 4: 54.1 tok/s ttft=15.9s ptok=32268
  rep 5: 52.7 tok/s ttft=14.5s ptok=32268
  rep 6: 47.3 tok/s ttft=16.4s ptok=32268
  rep 7: 55.8 tok/s ttft=13.8s ptok=32268
  MEDIAN 55.0 tok/s  (n=7, spread 17.1%, cache_hits=0)

=== depth 131072 (profile-a) ===
  warmup 1: 50.4 tok/s (ptok=129006, cached=0)
  warmup 2: 51.8 tok/s (ptok=129006, cached=0)
  rep 1: 49.0 tok/s ttft=71.8s ptok=129006
  rep 2: 42.0 tok/s ttft=75.2s ptok=129006
