
=== depth 2048 (profile-b) ===
  warmup 1: 53.2 tok/s (ptok=2034, cached=0)
  warmup 2: 55.2 tok/s (ptok=2034, cached=0)
  rep 1: 52.0 tok/s ttft=1.0s ptok=2034
  rep 2: 52.0 tok/s ttft=1.1s ptok=2034
  rep 3: 56.2 tok/s ttft=1.1s ptok=2034
  rep 4: 53.9 tok/s ttft=1.1s ptok=2034
  rep 5: 52.0 tok/s ttft=1.2s ptok=2034
  rep 6: 55.2 tok/s ttft=1.1s ptok=2034
  rep 7: 53.9 tok/s ttft=1.1s ptok=2034
  MEDIAN 53.9 tok/s  (n=7, spread 7.9%, cache_hits=0)

=== depth 8192 (profile-b) ===
  warmup 1: 55.7 tok/s (ptok=8080, cached=0)
  warmup 2: 51.8 tok/s (ptok=8080, cached=0)
  rep 1: 59.8 tok/s ttft=4.4s ptok=8080
  rep 2: 47.1 tok/s ttft=4.2s ptok=8080
  rep 3: 60.7 tok/s ttft=5.3s ptok=8080
  rep 4: 55.1 tok/s ttft=4.4s ptok=8080
  rep 5: 63.1 tok/s ttft=4.2s ptok=8080
  rep 6: 61.7 tok/s ttft=4.2s ptok=8080
  rep 7: 54.5 tok/s ttft=5.1s ptok=8080
  MEDIAN 59.8 tok/s  (n=7, spread 26.8%, cache_hits=0)

=== depth 32768 (profile-b) ===
  warmup 1: 53.7 tok/s (ptok=32268, cached=0)
  warmup 2: 56.0 tok/s (ptok=32268, cached=0)
  rep 1: 53.5 tok/s ttft=18.3s ptok=32268
  rep 2: 56.5 tok/s ttft=17.5s ptok=32268
  rep 3: 66.8 tok/s ttft=17.2s ptok=32268
  rep 4: 46.3 tok/s ttft=17.5s ptok=32268
  rep 5: 59.5 tok/s ttft=17.5s ptok=32268
  rep 6: 53.1 tok/s ttft=17.2s ptok=32268
  rep 7: 48.9 tok/s ttft=17.4s ptok=32268
  MEDIAN 53.5 tok/s  (n=7, spread 38.2%, cache_hits=0)

=== depth 131072 (profile-b) ===
  warmup 1: 49.0 tok/s (ptok=129006, cached=0)
  warmup 2: 46.8 tok/s (ptok=129006, cached=0)
  rep 1: 51.0 tok/s ttft=75.5s ptok=129006
  rep 2: 53.7 tok/s ttft=76.4s ptok=129006
  rep 3: 50.1 tok/s ttft=75.8s ptok=129006
  rep 4: 49.0 tok/s ttft=75.4s ptok=129006
  rep 5: 50.7 tok/s ttft=75.7s ptok=129006
  rep 6: 48.2 tok/s ttft=75.6s ptok=129006
  rep 7: 48.0 tok/s ttft=76.0s ptok=129006
  MEDIAN 50.1 tok/s  (n=7, spread 11.3%, cache_hits=0)

=== depth 262144 (profile-b) ===
  warmup 1: 50.1 tok/s (ptok=257992, cached=0)
  warmup 2: 46.0 tok/s (ptok=257992, cached=0)
  rep 1: 50.0 tok/s ttft=177.8s ptok=257992
  rep 2: 45.3 tok/s ttft=177.3s ptok=257992
  rep 3: 46.1 tok/s ttft=176.2s ptok=257992
  rep 4: 44.5 tok/s ttft=208.1s ptok=257992
  rep 5: 45.8 tok/s ttft=202.7s ptok=257992
  rep 6: 51.7 tok/s ttft=176.2s ptok=257992
  rep 7: 52.1 tok/s ttft=175.8s ptok=257992
  MEDIAN 46.1 tok/s  (n=7, spread 16.5%, cache_hits=0)

=== SUMMARY profile-b ===
     2034 tok ->   53.94 tok/s  (spread 7.9%, cache 0)
     8080 tok ->   59.82 tok/s  (spread 26.8%, cache 0)
    32268 tok ->   53.52 tok/s  (spread 38.2%, cache 0)
   129006 tok ->   50.12 tok/s  (spread 11.3%, cache 0)
   257992 tok ->   46.08 tok/s  (spread 16.5%, cache 0)
