[sparkmain] config/head.env rewritten (backup: config/head.env.prebenchy.20260830T111820Z)
[spark1] config/worker.env rewritten (backup: config/worker.env.prebenchy.20260830T111820Z)

=== verify ===
--- sparkmain config/head.env ---
DSPARK_MAX_INFLIGHT_PREFILLS=2
DSPARK_VLLM_IMAGE=dsv4-3spark:0.1.1
GPU_MEMORY_UTILIZATION=0.835
KV_CACHE_DTYPE=nvfp4_ds_mla
LONG_PREFILL_TOKEN_THRESHOLD=1024
MAX_MODEL_LEN=1048576
MAX_NUM_BATCHED_TOKENS=8192
MAX_NUM_SEQS=32
MOE_BACKEND=flashinfer_b12x
MTP_NUM_TOKENS=2
TP3_PATCH_DIR=/opt/dsv4-tp3-src
VLLM_PREFIX_CACHE_RETENTION_INTERVAL=4096
--- spark1 config/worker.env ---
DSPARK_MAX_INFLIGHT_PREFILLS=2
DSPARK_VLLM_IMAGE=dsv4-3spark:0.1.1
GPU_MEMORY_UTILIZATION=0.835
KV_CACHE_DTYPE=nvfp4_ds_mla
LONG_PREFILL_TOKEN_THRESHOLD=1024
MAX_MODEL_LEN=1048576
MAX_NUM_BATCHED_TOKENS=8192
MAX_NUM_SEQS=32
MOE_BACKEND=flashinfer_b12x
MTP_NUM_TOKENS=2
TP3_PATCH_DIR=/opt/dsv4-tp3-src
VLLM_PREFIX_CACHE_RETENTION_INTERVAL=4096

MATCH OK: both ranks agree on all managed keys.
