
=== depth 131072 (tp2) ===
  warmup 1: 41.3 tok/s (ptok=129006, cached=0)
  warmup 2: 41.5 tok/s (ptok=129006, cached=0)
  warmup 3: 38.2 tok/s (ptok=129006, cached=0)
  rep 1: 35.8 tok/s ttft=85.8s ptok=129006
  rep 2: 41.0 tok/s ttft=86.6s ptok=129006
  rep 3: 40.4 tok/s ttft=87.5s ptok=129006
  rep 4: 39.6 tok/s ttft=87.9s ptok=129006
  rep 5: 37.4 tok/s ttft=85.6s ptok=129006
  rep 6: 41.1 tok/s ttft=86.3s ptok=129006
  rep 7: 41.5 tok/s ttft=87.2s ptok=129006
  rep 8: 39.9 tok/s ttft=87.3s ptok=129006
  rep 9: 40.0 tok/s ttft=86.5s ptok=129006
  rep 10: 36.8 tok/s ttft=85.9s ptok=129006
  rep 11: 40.1 tok/s ttft=86.8s ptok=129006
  rep 12: 38.6 tok/s ttft=86.8s ptok=129006
  rep 13: 42.2 tok/s ttft=87.5s ptok=129006
  rep 14: 37.9 tok/s ttft=85.9s ptok=129006
  rep 15: 41.1 tok/s ttft=86.1s ptok=129006
  rep 16: 39.0 tok/s ttft=87.3s ptok=129006
  rep 17: 40.1 tok/s ttft=87.6s ptok=129006
  rep 18: 40.9 tok/s ttft=86.6s ptok=129006
  rep 19: 40.6 tok/s ttft=98.5s ptok=129006
  rep 20: 36.5 tok/s ttft=91.4s ptok=129006
  rep 21: 43.9 tok/s ttft=93.0s ptok=129006
  rep 22: 40.3 tok/s ttft=94.3s ptok=129006
  rep 23: 41.7 tok/s ttft=91.4s ptok=129006
  rep 24: 40.0 tok/s ttft=101.3s ptok=129006
  rep 25: 35.6 tok/s ttft=98.6s ptok=129006
  rep 26: 34.5 tok/s ttft=99.9s ptok=129006
  rep 27: 34.3 tok/s ttft=93.1s ptok=129006
  rep 28: 39.2 tok/s ttft=91.9s ptok=129006
  rep 29: 38.9 tok/s ttft=98.1s ptok=129006
  rep 30: 37.9 tok/s ttft=103.3s ptok=129006
  MEDIAN 39.9 tok/s  (n=30, spread 24.1%, cache_hits=0)

=== SUMMARY tp2 ===
  129006.0 tok ->   39.92 tok/s  (spread 24.1%, cache 0)
