
=== depth 2048 (tp3-fixed) ===
  warmup 1: 48.5 tok/s (ptok=2036, cached=0)
  warmup 2: 48.3 tok/s (ptok=2036, cached=0)
  rep 1: 64.5 tok/s ttft=0.9s ptok=2036
  rep 2: 54.3 tok/s ttft=0.9s ptok=2036
  rep 3: 57.4 tok/s ttft=0.9s ptok=2036
  rep 4: 51.5 tok/s ttft=0.9s ptok=2036
  rep 5: 43.4 tok/s ttft=1.0s ptok=2036
  rep 6: 38.2 tok/s ttft=1.4s ptok=2036
  rep 7: 54.5 tok/s ttft=1.4s ptok=2036
  MEDIAN 54.3 tok/s  (n=7, spread 48.5%, cache_hits=0)

=== depth 8192 (tp3-fixed) ===
  warmup 1: 39.1 tok/s (ptok=8082, cached=0)
  warmup 2: 55.1 tok/s (ptok=8082, cached=0)
  rep 1: 61.3 tok/s ttft=3.5s ptok=8082
  rep 2: 50.1 tok/s ttft=3.5s ptok=8082
  rep 3: 52.9 tok/s ttft=5.5s ptok=8082
  rep 4: 57.0 tok/s ttft=5.6s ptok=8082
  rep 5: 49.9 tok/s ttft=3.5s ptok=8082
  rep 6: 50.5 tok/s ttft=3.4s ptok=8082
  rep 7: 60.6 tok/s ttft=4.5s ptok=8082
  MEDIAN 52.9 tok/s  (n=7, spread 21.6%, cache_hits=0)

=== depth 32768 (tp3-fixed) ===
  warmup 1: 47.8 tok/s (ptok=32270, cached=0)
  warmup 2: 49.1 tok/s (ptok=32270, cached=0)
  rep 1: 50.8 tok/s ttft=16.8s ptok=32270
  rep 2: 59.6 tok/s ttft=15.4s ptok=32270
  rep 3: 49.5 tok/s ttft=15.9s ptok=32270
  rep 4: 53.8 tok/s ttft=16.0s ptok=32270
  rep 5: 45.5 tok/s ttft=15.8s ptok=32270
  rep 6: 52.2 tok/s ttft=13.8s ptok=32270
  rep 7: 52.0 tok/s ttft=15.5s ptok=32270
  MEDIAN 52.0 tok/s  (n=7, spread 27.1%, cache_hits=0)

=== depth 131072 (tp3-fixed) ===
  warmup 1: 38.3 tok/s (ptok=129008, cached=0)
  warmup 2: 42.5 tok/s (ptok=129008, cached=0)
  rep 1: 38.1 tok/s ttft=95.2s ptok=129008
  rep 2: 51.3 tok/s ttft=87.4s ptok=129008
  rep 3: 54.1 tok/s ttft=73.3s ptok=129008
  rep 4: 36.3 tok/s ttft=95.2s ptok=129008
  rep 5: 56.0 tok/s ttft=88.6s ptok=129008
  rep 6: 38.4 tok/s ttft=92.7s ptok=129008
  rep 7: 47.6 tok/s ttft=110.1s ptok=129008
  MEDIAN 47.6 tok/s  (n=7, spread 41.3%, cache_hits=0)

=== depth 262144 (tp3-fixed) ===
  warmup 1: 51.6 tok/s (ptok=257994, cached=0)
  warmup 2: 46.2 tok/s (ptok=257994, cached=0)
  rep 1: 38.9 tok/s ttft=199.3s ptok=257994
  rep 2: 52.4 tok/s ttft=179.1s ptok=257994
  rep 3: 39.7 tok/s ttft=174.6s ptok=257994
  rep 4: 53.2 tok/s ttft=179.2s ptok=257994
  rep 5: 48.8 tok/s ttft=176.0s ptok=257994
  rep 6: 49.6 tok/s ttft=171.5s ptok=257994
  rep 7: 48.4 tok/s ttft=171.0s ptok=257994
  MEDIAN 48.8 tok/s  (n=7, spread 29.4%, cache_hits=0)

=== SUMMARY tp3-fixed ===
     2036 tok ->   54.30 tok/s  (spread 48.5%, cache 0)
     8082 tok ->   52.87 tok/s  (spread 21.6%, cache 0)
    32270 tok ->   51.98 tok/s  (spread 27.1%, cache 0)
   129008 tok ->   47.65 tok/s  (spread 41.3%, cache 0)
   257994 tok ->   48.83 tok/s  (spread 29.4%, cache 0)
