
=== depth 2048 (tp2) ===
  warmup 1: 82.3 tok/s (ptok=2036, cached=0)
  warmup 2: 47.8 tok/s (ptok=2036, cached=0)
  rep 1: 75.8 tok/s ttft=1.1s ptok=2036
  rep 2: 65.4 tok/s ttft=1.1s ptok=2036
  rep 3: 55.6 tok/s ttft=1.1s ptok=2036
  rep 4: 76.2 tok/s ttft=1.1s ptok=2036
  rep 5: 76.1 tok/s ttft=1.1s ptok=2036
  rep 6: 65.7 tok/s ttft=1.1s ptok=2036
  rep 7: 76.3 tok/s ttft=1.1s ptok=2036
  MEDIAN 75.8 tok/s  (n=7, spread 27.3%, cache_hits=0)

=== depth 8192 (tp2) ===
  warmup 1: 75.9 tok/s (ptok=8081, cached=0)
  warmup 2: 61.3 tok/s (ptok=8081, cached=0)
  rep 1: 72.2 tok/s ttft=3.9s ptok=8081
  rep 2: 72.4 tok/s ttft=3.9s ptok=8081
  rep 3: 72.7 tok/s ttft=3.9s ptok=8081
  rep 4: 72.5 tok/s ttft=3.9s ptok=8081
  rep 5: 72.7 tok/s ttft=3.9s ptok=8081
  rep 6: 61.7 tok/s ttft=3.9s ptok=8081
  rep 7: 58.0 tok/s ttft=4.4s ptok=8081
  MEDIAN 72.4 tok/s  (n=7, spread 20.3%, cache_hits=0)

=== depth 32768 (tp2) ===
  warmup 1: 74.2 tok/s (ptok=32268, cached=0)
  warmup 2: 59.6 tok/s (ptok=32268, cached=0)
  rep 1: 59.2 tok/s ttft=16.6s ptok=32268
  rep 2: 59.5 tok/s ttft=16.0s ptok=32268
  rep 3: 70.5 tok/s ttft=16.6s ptok=32268
  rep 4: 72.5 tok/s ttft=16.0s ptok=32268
  rep 5: 71.1 tok/s ttft=16.6s ptok=32268
  rep 6: 71.1 tok/s ttft=16.0s ptok=32268
  rep 7: 70.8 tok/s ttft=16.0s ptok=32268
  MEDIAN 70.8 tok/s  (n=7, spread 18.7%, cache_hits=0)

=== depth 131072 (tp2) ===
  warmup 1: 61.0 tok/s (ptok=129006, cached=0)
  warmup 2: 54.1 tok/s (ptok=129006, cached=0)
  rep 1: 54.2 tok/s ttft=72.4s ptok=129006
  rep 2: 64.3 tok/s ttft=72.1s ptok=129006
  rep 3: 47.1 tok/s ttft=71.6s ptok=129006
  rep 4: 37.0 tok/s ttft=72.1s ptok=129006
  rep 5: 54.4 tok/s ttft=73.3s ptok=129006
  rep 6: 64.0 tok/s ttft=73.0s ptok=129006
  rep 7: 54.7 tok/s ttft=72.9s ptok=129006
  MEDIAN 54.4 tok/s  (n=7, spread 50.3%, cache_hits=0)

=== depth 262144 (tp2) ===
  warmup 1: 119.3 tok/s (ptok=257993, cached=0)
  warmup 2: 72.1 tok/s (ptok=257993, cached=0)
  rep 1: 51.0 tok/s ttft=159.5s ptok=257993
  rep 2: 71.6 tok/s ttft=158.7s ptok=257993
  rep 3: 70.8 tok/s ttft=158.4s ptok=257993
  rep 4: 91.9 tok/s ttft=158.4s ptok=257993
  rep 5: 72.4 tok/s ttft=158.1s ptok=257993
  rep 6: 71.5 tok/s ttft=158.0s ptok=257993
  rep 7: 59.4 tok/s ttft=158.3s ptok=257993
  MEDIAN 71.5 tok/s  (n=7, spread 57.1%, cache_hits=0)

=== SUMMARY tp2 ===
     2036 tok ->   75.77 tok/s  (spread 27.3%, cache 0)
     8081 tok ->   72.41 tok/s  (spread 20.3%, cache 0)
    32268 tok ->   70.85 tok/s  (spread 18.7%, cache 0)
   129006 tok ->   54.38 tok/s  (spread 50.3%, cache 0)
   257993 tok ->   71.55 tok/s  (spread 57.1%, cache 0)
