
=======================================================
Starting MTP=2 Sweep: Context=8192, Concurrencies=[4, 8, 16], Reps=15
=======================================================

Running 3 single-stream warmup request(s)...
Single-stream warmup complete.

--- Concurrency cc=4 (Reps=15) ---
  Warming cc=4 shape (3 batches, discarded) ...
  Rep 1/15: Agg =  42.22 tok/s, Median Stream = 21.39 tok/s, Median TTFT = 11.137 s
  Rep 2/15: Agg =  41.06 tok/s, Median Stream = 19.95 tok/s, Median TTFT = 11.306 s
  Rep 3/15: Agg =  41.92 tok/s, Median Stream = 21.04 tok/s, Median TTFT = 10.988 s
  Rep 4/15: Agg =  42.45 tok/s, Median Stream = 21.43 tok/s, Median TTFT = 10.932 s
  Rep 5/15: Agg =  41.92 tok/s, Median Stream = 20.50 tok/s, Median TTFT = 11.111 s
  Rep 6/15: Agg =  41.69 tok/s, Median Stream = 20.79 tok/s, Median TTFT = 10.985 s
  Rep 7/15: Agg =  40.95 tok/s, Median Stream = 19.42 tok/s, Median TTFT = 11.132 s
  Rep 8/15: Agg =  42.00 tok/s, Median Stream = 20.47 tok/s, Median TTFT = 11.129 s
  Rep 9/15: Agg =  41.39 tok/s, Median Stream = 20.17 tok/s, Median TTFT = 11.202 s
  Rep 10/15: Agg =  41.23 tok/s, Median Stream = 20.37 tok/s, Median TTFT = 10.991 s
  Rep 11/15: Agg =  41.86 tok/s, Median Stream = 20.90 tok/s, Median TTFT = 10.955 s
  Rep 12/15: Agg =  41.48 tok/s, Median Stream = 19.89 tok/s, Median TTFT = 11.130 s
  Rep 13/15: Agg =  42.05 tok/s, Median Stream = 20.97 tok/s, Median TTFT = 11.226 s
  Rep 14/15: Agg =  41.85 tok/s, Median Stream = 20.67 tok/s, Median TTFT = 11.195 s
  Rep 15/15: Agg =  41.72 tok/s, Median Stream = 20.45 tok/s, Median TTFT = 11.103 s
  => Cell cc=4 Summary: Median Agg =  41.85 tok/s (Spread:  1.50), Acceptance = 66.3%, Mean Accepted Len = 1.33

--- Concurrency cc=8 (Reps=15) ---
  Warming cc=8 shape (3 batches, discarded) ...
  Rep 1/15: Agg =  50.43 tok/s, Median Stream = 12.49 tok/s, Median TTFT = 18.469 s
  Rep 2/15: Agg =  50.07 tok/s, Median Stream = 11.90 tok/s, Median TTFT = 18.357 s
  Rep 3/15: Agg =  47.39 tok/s, Median Stream = 11.52 tok/s, Median TTFT = 19.438 s
  Rep 4/15: Agg =  46.78 tok/s, Median Stream = 11.46 tok/s, Median TTFT = 19.793 s
  Rep 5/15: Agg =  49.94 tok/s, Median Stream = 12.29 tok/s, Median TTFT = 18.805 s
  Rep 6/15: Agg =  49.99 tok/s, Median Stream = 12.13 tok/s, Median TTFT = 18.399 s
  Rep 7/15: Agg =  49.61 tok/s, Median Stream = 11.86 tok/s, Median TTFT = 18.689 s
  Rep 8/15: Agg =  49.88 tok/s, Median Stream = 12.25 tok/s, Median TTFT = 18.476 s
  Rep 9/15: Agg =  49.42 tok/s, Median Stream = 11.88 tok/s, Median TTFT = 18.799 s
  Rep 10/15: Agg =  49.91 tok/s, Median Stream = 12.03 tok/s, Median TTFT = 18.445 s
  Rep 11/15: Agg =  49.11 tok/s, Median Stream = 11.75 tok/s, Median TTFT = 18.778 s
  Rep 12/15: Agg =  50.15 tok/s, Median Stream = 12.27 tok/s, Median TTFT = 18.484 s
  Rep 13/15: Agg =  49.39 tok/s, Median Stream = 11.95 tok/s, Median TTFT = 18.732 s
  Rep 14/15: Agg =  49.83 tok/s, Median Stream = 12.03 tok/s, Median TTFT = 18.647 s
  Rep 15/15: Agg =  49.53 tok/s, Median Stream = 11.78 tok/s, Median TTFT = 18.672 s
  => Cell cc=8 Summary: Median Agg =  49.83 tok/s (Spread:  3.64), Acceptance = 66.6%, Mean Accepted Len = 1.33

--- Concurrency cc=16 (Reps=15) ---
  Warming cc=16 shape (3 batches, discarded) ...
  Rep 1/15: Agg =  54.53 tok/s, Median Stream =  6.72 tok/s, Median TTFT = 33.952 s
  Rep 2/15: Agg =  54.18 tok/s, Median Stream =  6.69 tok/s, Median TTFT = 34.043 s
  Rep 3/15: Agg =  53.88 tok/s, Median Stream =  6.53 tok/s, Median TTFT = 33.966 s
  Rep 4/15: Agg =  54.20 tok/s, Median Stream =  6.65 tok/s, Median TTFT = 34.016 s
  Rep 5/15: Agg =  54.77 tok/s, Median Stream =  6.63 tok/s, Median TTFT = 33.684 s
  Rep 6/15: Agg =  54.19 tok/s, Median Stream =  6.60 tok/s, Median TTFT = 34.147 s
  Rep 7/15: Agg =  54.36 tok/s, Median Stream =  6.62 tok/s, Median TTFT = 33.798 s
  Rep 8/15: Agg =  54.20 tok/s, Median Stream =  6.60 tok/s, Median TTFT = 33.980 s
  Rep 9/15: Agg =  53.97 tok/s, Median Stream =  6.64 tok/s, Median TTFT = 34.015 s
  Rep 10/15: Agg =  54.13 tok/s, Median Stream =  6.65 tok/s, Median TTFT = 33.984 s
  Rep 11/15: Agg =  54.62 tok/s, Median Stream =  6.50 tok/s, Median TTFT = 33.707 s
  Rep 12/15: Agg =  54.41 tok/s, Median Stream =  6.56 tok/s, Median TTFT = 33.995 s
  Rep 13/15: Agg =  54.44 tok/s, Median Stream =  6.59 tok/s, Median TTFT = 34.011 s
  Rep 14/15: Agg =  54.12 tok/s, Median Stream =  6.54 tok/s, Median TTFT = 34.019 s
  Rep 15/15: Agg =  53.05 tok/s, Median Stream =  6.36 tok/s, Median TTFT = 34.048 s
  => Cell cc=16 Summary: Median Agg =  54.20 tok/s (Spread:  1.72), Acceptance = 66.5%, Mean Accepted Len = 1.33

Saved results to /home/sparkmain/bench-repo/results/20260829T234009Z-matched-2v3/tp3/concurrency.json
