
=== depth 2048 (tp3) ===
  warmup 1: 44.1 tok/s (ptok=2036, cached=0)
  warmup 2: 48.7 tok/s (ptok=2036, cached=0)
  warmup 3: 49.0 tok/s (ptok=2036, cached=0)
  rep 1: 49.2 tok/s ttft=1.1s ptok=2036
  rep 2: 54.2 tok/s ttft=2.0s ptok=2036
  rep 3: 50.9 tok/s ttft=1.1s ptok=2036
  rep 4: 43.8 tok/s ttft=2.3s ptok=2036
  rep 5: 45.7 tok/s ttft=1.5s ptok=2036
  rep 6: 52.7 tok/s ttft=1.1s ptok=2036
  rep 7: 49.6 tok/s ttft=1.1s ptok=2036
  rep 8: 54.4 tok/s ttft=1.1s ptok=2036
  rep 9: 45.9 tok/s ttft=1.1s ptok=2036
  rep 10: 46.5 tok/s ttft=1.7s ptok=2036
  rep 11: 45.6 tok/s ttft=2.0s ptok=2035
  rep 12: 55.5 tok/s ttft=1.1s ptok=2035
  rep 13: 42.0 tok/s ttft=1.1s ptok=2035
  rep 14: 50.9 tok/s ttft=1.1s ptok=2035
  rep 15: 42.1 tok/s ttft=2.0s ptok=2035
  rep 16: 44.6 tok/s ttft=2.5s ptok=2035
  rep 17: 41.3 tok/s ttft=1.5s ptok=2035
  rep 18: 43.2 tok/s ttft=2.3s ptok=2035
  rep 19: 42.4 tok/s ttft=1.7s ptok=2035
  rep 20: 46.0 tok/s ttft=2.1s ptok=2035
  rep 21: 47.3 tok/s ttft=1.1s ptok=2035
  rep 22: 49.9 tok/s ttft=1.1s ptok=2035
  rep 23: 49.7 tok/s ttft=1.1s ptok=2035
  rep 24: 46.2 tok/s ttft=1.1s ptok=2035
  rep 25: 38.2 tok/s ttft=1.1s ptok=2035
  rep 26: 46.1 tok/s ttft=1.1s ptok=2035
  rep 27: 47.7 tok/s ttft=1.3s ptok=2035
  rep 28: 49.5 tok/s ttft=1.1s ptok=2035
  rep 29: 48.7 tok/s ttft=1.1s ptok=2035
  rep 30: 46.7 tok/s ttft=1.1s ptok=2035
  MEDIAN 46.6 tok/s  (n=30, spread 37.1%, cache_hits=0)

=== SUMMARY tp3 ===
   2035.0 tok ->   46.59 tok/s  (spread 37.1%, cache 0)
