
=== depth 32768 (tp3) ===
  warmup 1: 51.7 tok/s (ptok=32268, cached=0)
  warmup 2: 51.2 tok/s (ptok=32268, cached=0)
  warmup 3: 52.6 tok/s (ptok=32268, cached=0)
  rep 1: 51.1 tok/s ttft=17.2s ptok=32268
  rep 2: 49.7 tok/s ttft=17.4s ptok=32268
  rep 3: 49.9 tok/s ttft=17.3s ptok=32268
  rep 4: 48.9 tok/s ttft=17.2s ptok=32268
  rep 5: 52.6 tok/s ttft=17.2s ptok=32268
  rep 6: 49.4 tok/s ttft=17.2s ptok=32268
  rep 7: 52.7 tok/s ttft=17.2s ptok=32268
  rep 8: 53.1 tok/s ttft=17.2s ptok=32268
  rep 9: 51.9 tok/s ttft=17.3s ptok=32268
  rep 10: 49.9 tok/s ttft=17.1s ptok=32268
  rep 11: 51.1 tok/s ttft=17.1s ptok=32268
  rep 12: 50.2 tok/s ttft=17.3s ptok=32268
  rep 13: 53.4 tok/s ttft=17.2s ptok=32268
  rep 14: 50.0 tok/s ttft=17.3s ptok=32268
  rep 15: 49.6 tok/s ttft=17.3s ptok=32268
  rep 16: 50.5 tok/s ttft=17.2s ptok=32268
  rep 17: 52.6 tok/s ttft=17.3s ptok=32268
  rep 18: 52.8 tok/s ttft=17.4s ptok=32268
  rep 19: 51.7 tok/s ttft=17.2s ptok=32268
  rep 20: 51.4 tok/s ttft=17.3s ptok=32268
  rep 21: 45.9 tok/s ttft=17.4s ptok=32268
  rep 22: 49.2 tok/s ttft=17.3s ptok=32268
  rep 23: 51.4 tok/s ttft=17.3s ptok=32268
  rep 24: 51.4 tok/s ttft=17.4s ptok=32268
  rep 25: 50.4 tok/s ttft=17.2s ptok=32268
  rep 26: 53.7 tok/s ttft=17.4s ptok=32268
  rep 27: 50.6 tok/s ttft=17.3s ptok=32268
  rep 28: 50.0 tok/s ttft=17.3s ptok=32268
  rep 29: 51.2 tok/s ttft=17.4s ptok=32268
  rep 30: 49.9 tok/s ttft=17.2s ptok=32268
  MEDIAN 50.8 tok/s  (n=30, spread 15.4%, cache_hits=0)

=== SUMMARY tp3 ===
  32268.0 tok ->   50.83 tok/s  (spread 15.4%, cache 0)
