=== sweep point nst=7 mnbt=8192 -> /home/sparkmain/eugr-sweep/nst7-mnbt8192 ===
warmup: cute.compile disk-cache-miss count before = 0
warmup: cute.compile disk-cache-miss count after  = 4
WARNING: JIT misses still growing during warmup (0 -> 4).
         Numbers below may still be contaminated; warming further.
after extra warmup = 7
--- measuring c=1
    c=1 decode=79.5 agg=66.7 ttft=308ms
--- measuring c=4
    c=4 decode=49.3 agg=151.2 ttft=762ms
--- measuring c=8
    c=8 decode=35.4 agg=208.8 ttft=1107ms
--- measuring c=16
    c=16 decode=15.9 agg=197.2 ttft=1760ms
=== done: /home/sparkmain/eugr-sweep/nst7-mnbt8192/rows.tsv ===
nst	mnbt	c	median_decode_tok_s	agg_tok_s	ttft_ms
7	8192	1	79.5	66.7	308
7	8192	4	49.3	151.2	762
7	8192	8	35.4	208.8	1107
7	8192	16	15.9	197.2	1760
