=== sweep point nst=5 mnbt=16384 -> /home/sparkmain/eugr-sweep/nst5-mnbt16384 ===
warmup: cute.compile disk-cache-miss count before = 0
warmup: cute.compile disk-cache-miss count after  = 9
WARNING: JIT misses still growing during warmup (0 -> 9).
         Numbers below may still be contaminated; warming further.
after extra warmup = 10
--- measuring c=1
    c=1 decode=83.5 agg=70.4 ttft=285ms
--- measuring c=4
    c=4 decode=54.3 agg=165.0 ttft=741ms
--- measuring c=8
    c=8 decode=42.5 agg=241.8 ttft=1084ms
--- measuring c=16
    c=16 decode=16.8 agg=214.3 ttft=1727ms
=== done: /home/sparkmain/eugr-sweep/nst5-mnbt16384/rows.tsv ===
nst	mnbt	c	median_decode_tok_s	agg_tok_s	ttft_ms
5	16384	1	83.5	70.4	285
5	16384	4	54.3	165.0	741
5	16384	8	42.5	241.8	1084
5	16384	16	16.8	214.3	1727
